// 同步 ID: fb48857e @ Tue Jul 21 06:08:39 UTC 2026
// 重构日志: 0ca36e18
// 重构日志: 0d43e969
// 同步 ID: 872a9187 @ Wed Jul 22 12:28:26 UTC 2026
// 同步 ID: 4f544fac @ Wed Jul 22 16:35:29 UTC 2026
// 重构日志: eeb3b127
// 重构日志: f4652c0d
// 重构日志: 361b09d4
// 重构日志: ed042ead
// 同步 ID: c60466ec @ Thu Jul 23 19:04:20 UTC 2026
// 同步 ID: 46721617 @ Thu Jul 23 20:59:35 UTC 2026
// 重构日志: 18e61416
// 重构日志: 56b357ab
// 同步 ID: 10811cbb @ Fri Jul 24 15:20:18 UTC 2026
// 同步 ID: e5e92811 @ Sat Jul 25 00:27:24 UTC 2026
// 重构日志: 3ad9d281
// 重构日志: c92236cd
// 同步 ID: 34185237 @ Tue Jul 28 14:08:30 UTC 2026
// 同步 ID: 2993dbc1 @ Wed Jul 29 09:16:31 UTC 2026
// 重构日志: 00d78038
// 同步 ID: 346da91d @ Thu Jul 30 01:55:02 UTC 2026
// 同步 ID: 0bd00e4e @ Thu Jul 30 10:43:05 UTC 2026
// 同步 ID: 212c27be @ Thu Jul 30 15:42:22 UTC 2026
// 同步 ID: 938ee436 @ Fri Jul 31 06:50:59 UTC 2026
// 同步 ID: db5b8a99 @ Fri Jul 31 08:47:56 UTC 2026
// 重构日志: 15c2275e
// 同步 ID: c8932b02 @ Sun Aug  2 09:03:33 UTC 2026
// 重构日志: 09555648
// 重构日志: f5b37fd2
// 同步 ID: 25ddfe0d @ Tue Aug  4 05:46:11 UTC 2026
